// Jest Snapshot v1, https://goo.gl/fbAQLP

exports[`<App /> With Snapshot Testing Render component App 1`] = `
<section
  className="sc-bdfBwQ iVrWnZ"
>
  <form
    className="sc-hKgILt hBPRLS"
  >
    <input
      aria-label="Search"
      className="form-control me-2"
      onChange={[Function]}
      placeholder="Search"
      type="search"
    />
  </form>
  <section
    className="sc-eCssSg fuiPTt row"
  >
    <h1
      className="sc-gKsewC lcXnrY"
    >
      No Employees
    </h1>
  </section>
</section>
`;
